✔ Phase 1 renderer projections authorize only the reviewed composite UI bodies (404.5013ms)
✔ unrelated protected-function edits survive the composite projection and therefore fail byte comparison (272.6117ms)
✔ unapproved modules keep exact historical byte protection (296.4281ms)
✔ Knowledge uses the actual shared Back class and no duplicate CSS identity (2.6596ms)
✔ approved shared styles retain the existing primitives after approved skin projection (3272.1459ms)
✔ Cross Panel uses one Basics button while preserving Gate wiring and no inline basics (0.5254ms)
✔ only confirmed dead Cross UI keys are removed in each independent locale (67.9409ms)
✔ Knowledge hover uses accent-soft with no box-model changes (0.597ms)
✔ Cross activation drill-down preserves source identity and reuses the existing Gate renderer (35.3865ms)
✔ Round 2B runtime and independent vocabulary remain unchanged (1234.1736ms)
✔ protected BodyGraph detail functions are byte-identical to the latest baseline (168.7247ms)
✔ legacy zh-CN hashes stay exact outside explicitly approved Round 2C/2F editorial ranges (80.2624ms)
✔ Type has semantic Strategy and Aura sections; Strategy shares its Type identity (0.9025ms)
✔ 24 semantic Variable bodies mark only the numeric Tone branch and never mark Library (12.1239ms)
✔ EN and Hant use their own semantic presentation without zh-CN fallback (3.818ms)
✔ Round 2C historical copies remain protected; 64 current articles and six name-only Cognitions resolve (103.1208ms)
✔ historical zh-CN Taste/Environment changes stay exact in the immutable historical records (100.2723ms)
✔ Taste and all six Environment pairs retain numeric semantic Tone branches in every language (0.3048ms)
✔ 24 articles select exactly one branch for all six Tones; Library never marks Yours (30.9223ms)
✔ native Type terminology and authored Profile geometry use the shared renderer (2.8052ms)
✔ locale loader, calculations and arrow mapping remain byte-identical to Round 2B (578.5356ms)
✔ Round 2D historical content guard permits only the approved Round 2F deviation ranges (97.0376ms)
✔ all 64 reviewed entries render; Cognition remains six name-only entries (14.0289ms)
✔ Generator has real Strategy/Aura surfaces, source chips and compact metadata; Emotional stays prose (0.7707ms)
✔ Profile process and timeline refer to all original text; only 2/4 and 3/6 specialize (3.3948ms)
✔ Definition Library keeps all original prose without invented personal topology (0.6233ms)
✔ dynamic Cross cards follow the existing four-gate order; introduction has no chart activations (1.7493ms)
✔ 24 Variable articles × six Tones keep exactly one selected branch, Library none; information stays neutral (26.4515ms)
✔ Round 2C calculations, dialog mechanics and protected detail modules stay exact (825.7249ms)
✔ Round 2E historical content guard permits only the approved Round 2F deviation ranges (91.3681ms)
✔ all 12 Profiles in three locales have two line identities and complete original ordered text (7.3669ms)
✔ Definition contexts use canonical CENTER_SHAPES and exact provided memberships; Library has no diagram (13.3061ms)
✔ Cross Basics is independent and dynamic Cross carries identity, cards and jump only (1.9806ms)
✔ Knowledge theme colors have no activation/type palette coupling (0.6714ms)
✔ protected calculation, geometry and BodyGraph functions stay byte-identical to Round 2D (744.4146ms)
✔ historical Round 2F range proof and exact Round 2G copy preserve all 165 summaries and 129 other articles (97.1365ms)
✔ 12 exact directed pairs are stable metadata in each independent locale (0.8867ms)
✔ all 36 sections render metadata-driven localized A ↓ B in order on Library and Chart surfaces (22.1174ms)
✔ Determination and Environment have no deviation block; display is not based on visible copy matching (0.7055ms)
✔ deviation interface has explicit locale messages and uses neutral theme tokens (1.5725ms)
✔ engines, Variable mapping, Home, Export, Timeline and protected consumers stay byte-identical to actual baseline (1068.3483ms)
✔ all 36 final Details equal the approved product strings character for character; no editorial fallback (93.2494ms)
✔ every recalculated range equals the complete approved section; deviation contains only the final specific paragraph (1.5845ms)
✔ Chinese final copies contain no English-parenthesized Chinese or repeated deviation titles; Flow keeps full names (4.5891ms)
✔ all public UI labels and mechanisms exactly match finalized wording; arrow conditional is separate from prose (2.9099ms)
✔ approved vocabulary preserves the finalized Need label; names resolve through the existing registry (106.7846ms)
✔ engines, mapping, compact rendering and export stay exact to actual Round 2F baseline (1059.2811ms)
✔ the three reviewed source paths match exact SHA-256 and committed Phase 1A blobs (231.7817ms)
✔ unregistered new source cannot pass the additive allowlist (211.906ms)
✔ mutating any reviewed source fails even when the scope manifest is also modified (270.8131ms)
✔ manifest cannot add a fourth path or change a reviewed digest (75.2701ms)
✔ historical Phase 1B exceptions require each independently pinned source digest (127.6875ms)
✔ all other paths retain historical comparisons, including the other Phase 1B sources (0.1905ms)
✔ frozen revision checks each source against independently pinned SHA-256 (2212.4315ms)
✔ unlicensed sources, protected paths and path variants are rejected (942.4395ms)
✔ manifest changes cannot extend paths, hashes, baseline or freeze state (895.2619ms)
✔ original Phase 1B scope remains independently pinned to its original baseline (0.4773ms)
✔ the six Phase 1B paths match their pinned SHA-256 digests (382.8822ms)
✔ unregistered new source is rejected (344.8963ms)
✔ mutating any reviewed source fails even when the scope manifest is also modified (1646.6193ms)
✔ manifest cannot add a path or change a reviewed digest (480.8657ms)
✔ Phase 1C pins each authorized source byte and rejects manifest expansion (2140.2248ms)
✔ Phase 1E original snapshot and correction each retain independent exact hashes (661.289ms)
✔ fixed reviewed increment validates current inventory, evidence and unchanged algorithm/knowledge bytes (29712.9551ms)
✔ every existing reviewed file validates before projection; every unreviewed byte fails (897.4001ms)
✔ algorithm mutations stay forbidden outside all presentation projections (146.001ms)
✔ storage contract changes are rejected even in an authorized UUID compatibility file (187.4263ms)
✔ knowledge review bypass and content mutations cannot be hidden by projection (294.5459ms)
✔ unrelated functions and annual integrity checks remain guarded (196.0817ms)
✔ manifest expansion, repinning and simultaneous source/manifest edits all fail (0.8925ms)
✔ editing old historical proof inputs cannot be concealed by the temporary snapshot (178.7326ms)
✔ new unauthorized paths cannot enter the current source inventory (65.7166ms)
✔ required full notices are copied into the actual static distribution (13.5551ms)
✔ distribution check rejects an omitted Base license (120.284ms)
✔ synced frontend and Knowledge build preserves both reviewed source parents and notices (79413.6562ms)
✔ manifest retains unresolved root license and distinct metadata provenance (0.7503ms)
✔ a regenerated identity cannot silently omit the required Base notice (0.4766ms)
✔ reviewed skin scope hashes every authorized file and preserves calculation, catalog, relationship and astronomy sources (3537.5117ms)
✔ 87 complete locale records equal the approved final sections; source package hash remains immutable (1.5982ms)
✔ 29 identities open through the same registry and reference routes; five common articles are reused, not copied (55.2625ms)
✔ all Color section orders, full bodies, lists and emphasis render without truncation; deviations end the reading (7.0437ms)
✔ Taste retains exact validated Open/Closed branches; six Environment subtype pairs remain (159.8691ms)
✔ all 24 Color pages select exactly one numeric Tone branch; source subtitle Summary stays independent of arbitrarily long Detail (25.823ms)
✔ all non-Variable knowledge, calculation, snapshots, sources, positions, exports and BodyGraph remain exact (1006.9769ms)
ℹ tests 84
ℹ suites 0
ℹ pass 84
ℹ fail 0
ℹ cancelled 0
ℹ skipped 0
ℹ todo 0
ℹ duration_ms 80219.133
